%!Adobe-FontList 1.19
%Locale:0x409

%BeginFont
Handler:DirectoryHandler
FontType:Type1
FontName:BrownStd-Bold
FamilyName:BrownStd
StyleName:Bold
MenuName:BrownStd
StyleBits:2
WeightClass:700
WidthClass:5
AngleClass:0
FullName:BrownStd-Bold
WritingScript:Roman
OutlineFileName:\BrownStd-Bold.otf
DataFormat:sfntData
UsesStandardEncoding:yes
isCFF:yes
hasSVG:no
VariableFontType:NonVariableFont
FileLength:67288
FileModTime:1302374200
NameArray:0,Mac,18,BrownStd Bold
NameArray:0,Mac,4,BrownStd-Bold
NameArray:0,Win,1,BrownStd
%EndFont

%BeginFont
Handler:DirectoryHandler
FontType:Type1
FontName:BrownStd-Light
FamilyName:BrownStd
StyleName:Light
MenuName:BrownStd Light
StyleBits:0
WeightClass:300
WidthClass:5
AngleClass:0
FullName:BrownStd-Light
WritingScript:Roman
OutlineFileName:\BrownStd-Light.otf
DataFormat:sfntData
UsesStandardEncoding:yes
isCFF:yes
hasSVG:no
VariableFontType:NonVariableFont
FileLength:66300
FileModTime:1302374328
NameArray:0,Mac,18,BrownStd Light
NameArray:0,Mac,4,BrownStd-Light
NameArray:0,Win,1,BrownStd Light
NameArray:0,Win,16,BrownStd
%EndFont

%BeginFont
Handler:DirectoryHandler
FontType:Type1
FontName:BrownStd-Regular
FamilyName:BrownStd
StyleName:Regular
MenuName:BrownStd
StyleBits:0
WeightClass:400
WidthClass:5
AngleClass:0
FullName:BrownStd-Regular
WritingScript:Roman
OutlineFileName:\BrownStd-Regular.otf
DataFormat:sfntData
UsesStandardEncoding:yes
isCFF:yes
hasSVG:no
VariableFontType:NonVariableFont
FileLength:64356
FileModTime:1302374420
NameArray:0,Mac,18,BrownStd
NameArray:0,Mac,4,BrownStd-Regular
NameArray:0,Win,1,BrownStd
%EndFont

%BeginFont
Handler:DirectoryHandler
FontType:Type1
FontName:BrownStd-Thin
FamilyName:BrownStd
StyleName:Thin
MenuName:BrownStd Thin
StyleBits:0
WeightClass:250
WidthClass:5
AngleClass:0
FullName:BrownStd-Thin
WritingScript:Roman
OutlineFileName:\BrownStd-Thin.otf
DataFormat:sfntData
UsesStandardEncoding:yes
isCFF:yes
hasSVG:no
VariableFontType:NonVariableFont
FileLength:65968
FileModTime:1302374456
NameArray:0,Mac,18,BrownStd Thin
NameArray:0,Mac,4,BrownStd-Thin
NameArray:0,Win,1,BrownStd Thin
NameArray:0,Win,16,BrownStd
%EndFont

%BeginFont
Handler:DirectoryHandler
FontType:Type1
FontName:DINPro-Bold
FamilyName:DINPro
StyleName:Bold
MenuName:DINPro-Bold
StyleBits:0
WeightClass:700
WidthClass:5
AngleClass:0
FullName:DINPro-Bold
WritingScript:Roman
OutlineFileName:\DINPro-Bold.otf
DataFormat:sfntData
UsesStandardEncoding:yes
isCFF:yes
hasSVG:no
VariableFontType:NonVariableFont
FileLength:90228
FileModTime:1143625560
NameArray:0,Mac,4,DINPro-Bold
NameArray:0,Win,1,DINPro-Bold
NameArray:0,Win,16,DINPro
%EndFont

%BeginFont
Handler:DirectoryHandler
FontType:Type1
FontName:DINPro-Light
FamilyName:DINPro
StyleName:Light
MenuName:DINPro-Light
StyleBits:0
WeightClass:300
WidthClass:5
AngleClass:0
FullName:DINPro-Light
WritingScript:Roman
OutlineFileName:\DINPro-Light.otf
DataFormat:sfntData
UsesStandardEncoding:yes
isCFF:yes
hasSVG:no
VariableFontType:NonVariableFont
FileLength:88240
FileModTime:1143625560
NameArray:0,Mac,4,DINPro-Light
NameArray:0,Win,1,DINPro-Light
NameArray:0,Win,16,DINPro
%EndFont

%BeginFont
Handler:DirectoryHandler
FontType:Type1
FontName:DINPro-Regular
FamilyName:DINPro
StyleName:Regular
MenuName:DINPro-Regular
StyleBits:0
WeightClass:400
WidthClass:5
AngleClass:0
FullName:DINPro-Regular
WritingScript:Roman
OutlineFileName:\DINPro-Regular.otf
DataFormat:sfntData
UsesStandardEncoding:yes
isCFF:yes
hasSVG:no
VariableFontType:NonVariableFont
FileLength:87364
FileModTime:1143625560
NameArray:0,Mac,4,DINPro-Regular
NameArray:0,Win,1,DINPro-Regular
NameArray:0,Win,16,DINPro
%EndFont

%BeginFont
Handler:DirectoryHandler
FontType:Type1
FontName:MinionPro-Regular
FamilyName:Minion Pro
StyleName:Regular
MenuName:Minion Pro
StyleBits:0
WeightClass:400
WidthClass:5
AngleClass:0
FullName:Minion Pro
WritingScript:Roman
OutlineFileName:\MinionPro-Regular.otf
DataFormat:sfntData
UsesStandardEncoding:yes
isCFF:yes
hasSVG:no
VariableFontType:NonVariableFont
FileLength:218640
FileModTime:1410863958
DesignSize:110
NameArray:0,Mac,4,Minion Pro
NameArray:0,Win,1,Minion Pro
%EndFont

